$SHARECODE_ROOT/RealTank2023/rtl/APB/cmsdk_ahb_to_apb.v
$SHARECODE_ROOT/RealTank2023/rtl/APB/cmsdk_apb_slave_mux.v
$SHARECODE_ROOT/RealTank2023/rtl/APB/cmsdk_apb_uart.v

$SHARECODE_ROOT/RealTank2023/rtl/Buzzer/AddrCnt.v
$SHARECODE_ROOT/RealTank2023/rtl/Buzzer/APB_BDMAC.v
$SHARECODE_ROOT/RealTank2023/rtl/Buzzer/BDMA.v
$SHARECODE_ROOT/RealTank2023/rtl/Buzzer/BDMAC.v
$SHARECODE_ROOT/RealTank2023/rtl/Buzzer/BeatCnt.v
$SHARECODE_ROOT/RealTank2023/rtl/Buzzer/BeatDecoder.v
$SHARECODE_ROOT/RealTank2023/rtl/Buzzer/Buzzer.v
$SHARECODE_ROOT/RealTank2023/rtl/Buzzer/BuzzerCtr.v
$SHARECODE_ROOT/RealTank2023/rtl/Buzzer/TuneDecoder.v
$SHARECODE_ROOT/RealTank2023/rtl/Buzzer/TunePWM.v

$SHARECODE_ROOT/RealTank2023/rtl/Keyboard/APB_Keyboard.v
$SHARECODE_ROOT/RealTank2023/rtl/Keyboard/KeyToCol.v

$SHARECODE_ROOT/RealTank2023/rtl/LCD_printer/AHB_FIFO_Interface.v
$SHARECODE_ROOT/RealTank2023/rtl/LCD_printer/Block_ROM_init_data.v
$SHARECODE_ROOT/RealTank2023/rtl/LCD_printer/Block_ROM_init_sign.v
$SHARECODE_ROOT/RealTank2023/rtl/LCD_printer/Interface_9341.v
$SHARECODE_ROOT/RealTank2023/rtl/LCD_printer/LCD_ini.v
$SHARECODE_ROOT/RealTank2023/rtl/LCD_printer/Printer.v
$SHARECODE_ROOT/RealTank2023/rtl/LCD_printer/Printer_ctr.v

$SHARECODE_ROOT/RealTank2023/rtl/RealTankSoCBusMtx/RealTankSoCBusArbM0.v
$SHARECODE_ROOT/RealTank2023/rtl/RealTankSoCBusMtx/RealTankSoCBusArbM1.v
$SHARECODE_ROOT/RealTank2023/rtl/RealTankSoCBusMtx/RealTankSoCBusArbM2.v
$SHARECODE_ROOT/RealTank2023/rtl/RealTankSoCBusMtx/RealTankSoCBusArbM3.v
$SHARECODE_ROOT/RealTank2023/rtl/RealTankSoCBusMtx/RealTankSoCBusDecS0.v
$SHARECODE_ROOT/RealTank2023/rtl/RealTankSoCBusMtx/RealTankSoCBusDecS1.v
$SHARECODE_ROOT/RealTank2023/rtl/RealTankSoCBusMtx/RealTankSoCBusDecS2.v
$SHARECODE_ROOT/RealTank2023/rtl/RealTankSoCBusMtx/RealTankSoCBusDecS3.v
$SHARECODE_ROOT/RealTank2023/rtl/RealTankSoCBusMtx/RealTankSoCBusIn.v
$SHARECODE_ROOT/RealTank2023/rtl/RealTankSoCBusMtx/RealTankSoCBusMtx.v
$SHARECODE_ROOT/RealTank2023/rtl/RealTankSoCBusMtx/RealTankSoCBusMtx_default_slave.v
$SHARECODE_ROOT/RealTank2023/rtl/RealTankSoCBusMtx/RealTankSoCBusMtx_lite.v
$SHARECODE_ROOT/RealTank2023/rtl/RealTankSoCBusMtx/RealTankSoCBusOutM0.v
$SHARECODE_ROOT/RealTank2023/rtl/RealTankSoCBusMtx/RealTankSoCBusOutM1.v
$SHARECODE_ROOT/RealTank2023/rtl/RealTankSoCBusMtx/RealTankSoCBusOutM2.v
$SHARECODE_ROOT/RealTank2023/rtl/RealTankSoCBusMtx/RealTankSoCBusOutM3.v

$SHARECODE_ROOT/RealTank2023/rtl/AHBlite_Block_RAM.v
$SHARECODE_ROOT/RealTank2023/rtl/Block_RAM.v
$SHARECODE_ROOT/RealTank2023/rtl/cortexm0ds_logic.v
$SHARECODE_ROOT/RealTank2023/rtl/FIFO_synq.v
$SHARECODE_ROOT/RealTank2023/rtl/RealTankSoC.v
$SHARECODE_ROOT/RealTank2023/rtl/Timer.v

./harness.sv
