Component: ARM Compiler 5.06 update 1 (build 61) Tool: armlink [4d35a8]

==============================================================================

Section Cross References

    main.o(i.KEY) refers to main.o(.data) for uart_flag
    main.o(i.UARTRX_IRQ) refers to uart.o(i.UART_getc) for UART_getc
    main.o(i.UARTRX_IRQ) refers to main.o(.data) for uart_flag
    main.o(i.main) refers to code_def.o(i.Delay) for Delay
    main.o(i.main) refers to lcd.o(i.LCD_init) for LCD_init
    main.o(i.main) refers to game.o(i.GameInit) for GameInit
    main.o(i.main) refers to uart.o(i.UART_Init) for UART_Init
    main.o(i.main) refers to lcd.o(i.Draw_pic) for Draw_pic
    main.o(i.main) refers to main.o(.constdata) for black
    main.o(i.main) refers to main.o(.data) for uart_flag
    game.o(i.GameInit) refers to game.o(.data) for ObjectMemSize
    game.o(i.GameInit) refers to game.o(.bss) for MemTab
    game.o(i.Ofree) refers to uidiv.o(.text) for __aeabi_uidivmod
    game.o(i.Ofree) refers to game.o(.data) for ObjectMemSize
    game.o(i.Ofree) refers to game.o(.bss) for MemTab
    game.o(i.Omalloc) refers to game.o(.data) for MemTabCursor
    game.o(i.Omalloc) refers to game.o(.bss) for MemTab
    startup_cmsdk_cm0.o(RESET) refers to startup_cmsdk_cm0.o(STACK) for __initial_sp
    startup_cmsdk_cm0.o(RESET) refers to startup_cmsdk_cm0.o(.text) for Reset_Handler
    startup_cmsdk_cm0.o(.text) refers to main.o(i.KEY) for KEY
    startup_cmsdk_cm0.o(.text) refers to main.o(i.Timer_IRQ) for Timer_IRQ
    startup_cmsdk_cm0.o(.text) refers to main.o(i.UARTRX_IRQ) for UARTRX_IRQ
    startup_cmsdk_cm0.o(.text) refers to entry.o(.ARM.Collect$$$$00000000) for __main
    entry.o(.ARM.Collect$$$$00000000) refers (Special) to entry10a.o(.ARM.Collect$$$$0000000D) for __rt_final_cpp
    entry.o(.ARM.Collect$$$$00000000) refers (Special) to entry11a.o(.ARM.Collect$$$$0000000F) for __rt_final_exit
    entry.o(.ARM.Collect$$$$00000000) refers (Special) to entry7b.o(.ARM.Collect$$$$00000008) for _main_clock
    entry.o(.ARM.Collect$$$$00000000) refers (Special) to entry8b.o(.ARM.Collect$$$$0000000A) for _main_cpp_init
    entry.o(.ARM.Collect$$$$00000000) refers (Special) to entry9a.o(.ARM.Collect$$$$0000000B) for _main_init
    entry.o(.ARM.Collect$$$$00000000) refers (Special) to entry5.o(.ARM.Collect$$$$00000004) for _main_scatterload
    entry.o(.ARM.Collect$$$$00000000) refers (Special) to entry2.o(.ARM.Collect$$$$00000001) for _main_stk
    entry2.o(.ARM.Collect$$$$00000001) refers to entry2.o(.ARM.Collect$$$$00002712) for __lit__00000000
    entry2.o(.ARM.Collect$$$$00002712) refers to startup_cmsdk_cm0.o(STACK) for __initial_sp
    entry2.o(__vectab_stack_and_reset_area) refers to startup_cmsdk_cm0.o(STACK) for __initial_sp
    entry2.o(__vectab_stack_and_reset_area) refers to entry.o(.ARM.Collect$$$$00000000) for __main
    entry5.o(.ARM.Collect$$$$00000004) refers to init.o(.text) for __scatterload
    entry9a.o(.ARM.Collect$$$$0000000B) refers to main.o(i.main) for main
    entry9b.o(.ARM.Collect$$$$0000000C) refers to main.o(i.main) for main
    init.o(.text) refers to entry5.o(.ARM.Collect$$$$00000004) for __main_after_scatterload


==============================================================================

Removing Unused input sections from the image.

    Removing main.o(.bss), (208 bytes).
    Removing realtank.o(i.RealTank_GameInit), (2 bytes).
    Removing realtank.o(.bss), (208 bytes).
    Removing realtank.o(.constdata), (3424 bytes).
    Removing realtank.o(.data), (8 bytes).
    Removing game.o(i.Ofree), (40 bytes).
    Removing game.o(i.Omalloc), (60 bytes).
    Removing buzzer.o(i.PlayBGM), (28 bytes).
    Removing buzzer.o(i.PlaySound), (18 bytes).
    Removing buzzer.o(i.ResetBGM), (16 bytes).
    Removing buzzer.o(i.StartBGM), (18 bytes).
    Removing buzzer.o(i.StopBGM), (16 bytes).
    Removing uart.o(i.UART_putc), (24 bytes).
    Removing startup_cmsdk_cm0.o(HEAP), (1024 bytes).

14 unused section(s) (total 5094 bytes) removed from the image.

==============================================================================

Image Symbol Table

    Local Symbols

    Symbol Name                              Value     Ov Type        Size  Object(Section)

    RESET                                    0x00000000   Section       76  startup_cmsdk_cm0.o(RESET)
    ../clib/microlib/division.c              0x00000000   Number         0  uidiv.o ABSOLUTE
    ../clib/microlib/init/entry.s            0x00000000   Number         0  entry.o ABSOLUTE
    ../clib/microlib/init/entry.s            0x00000000   Number         0  entry11a.o ABSOLUTE
    ../clib/microlib/init/entry.s            0x00000000   Number         0  entry11b.o ABSOLUTE
    ../clib/microlib/init/entry.s            0x00000000   Number         0  entry10b.o ABSOLUTE
    ../clib/microlib/init/entry.s            0x00000000   Number         0  entry10a.o ABSOLUTE
    ../clib/microlib/init/entry.s            0x00000000   Number         0  entry9b.o ABSOLUTE
    ../clib/microlib/init/entry.s            0x00000000   Number         0  entry9a.o ABSOLUTE
    ../clib/microlib/init/entry.s            0x00000000   Number         0  entry8b.o ABSOLUTE
    ../clib/microlib/init/entry.s            0x00000000   Number         0  entry8a.o ABSOLUTE
    ../clib/microlib/init/entry.s            0x00000000   Number         0  entry7b.o ABSOLUTE
    ../clib/microlib/init/entry.s            0x00000000   Number         0  entry7a.o ABSOLUTE
    ../clib/microlib/init/entry.s            0x00000000   Number         0  entry5.o ABSOLUTE
    ../clib/microlib/init/entry.s            0x00000000   Number         0  entry2.o ABSOLUTE
    ..\src\Driver\Buzzer.c                   0x00000000   Number         0  buzzer.o ABSOLUTE
    ..\src\Driver\LCD.c                      0x00000000   Number         0  lcd.o ABSOLUTE
    ..\src\Driver\Timer.c                    0x00000000   Number         0  timer.o ABSOLUTE
    ..\src\Driver\UART.c                     0x00000000   Number         0  uart.o ABSOLUTE
    ..\src\Driver\code_def.c                 0x00000000   Number         0  code_def.o ABSOLUTE
    ..\src\GameSDK\Game.c                    0x00000000   Number         0  game.o ABSOLUTE
    ..\src\RealTank.c                        0x00000000   Number         0  realtank.o ABSOLUTE
    ..\src\main.c                            0x00000000   Number         0  main.o ABSOLUTE
    ..\src\startup_CMSDK_CM0.s               0x00000000   Number         0  startup_cmsdk_cm0.o ABSOLUTE
    dc.s                                     0x00000000   Number         0  dc.o ABSOLUTE
    handlers.s                               0x00000000   Number         0  handlers.o ABSOLUTE
    init.s                                   0x00000000   Number         0  init.o ABSOLUTE
    .ARM.Collect$$$$00000000                 0x0000004c   Section        0  entry.o(.ARM.Collect$$$$00000000)
    .ARM.Collect$$$$00000001                 0x0000004c   Section        4  entry2.o(.ARM.Collect$$$$00000001)
    .ARM.Collect$$$$00000004                 0x00000050   Section        4  entry5.o(.ARM.Collect$$$$00000004)
    .ARM.Collect$$$$00000008                 0x00000054   Section        0  entry7b.o(.ARM.Collect$$$$00000008)
    .ARM.Collect$$$$0000000A                 0x00000054   Section        0  entry8b.o(.ARM.Collect$$$$0000000A)
    .ARM.Collect$$$$0000000B                 0x00000054   Section        8  entry9a.o(.ARM.Collect$$$$0000000B)
    .ARM.Collect$$$$0000000D                 0x0000005c   Section        0  entry10a.o(.ARM.Collect$$$$0000000D)
    .ARM.Collect$$$$0000000F                 0x0000005c   Section        0  entry11a.o(.ARM.Collect$$$$0000000F)
    .ARM.Collect$$$$00002712                 0x0000005c   Section        4  entry2.o(.ARM.Collect$$$$00002712)
    __lit__00000000                          0x0000005c   Data           4  entry2.o(.ARM.Collect$$$$00002712)
    .text                                    0x00000060   Section       36  startup_cmsdk_cm0.o(.text)
    .text                                    0x00000084   Section       36  init.o(.text)
    i.Delay                                  0x000000a8   Section        0  code_def.o(i.Delay)
    i.Draw_pic                               0x000000ba   Section        0  lcd.o(i.Draw_pic)
    i.GameInit                               0x000000e4   Section        0  game.o(i.GameInit)
    i.KEY                                    0x00000110   Section        0  main.o(i.KEY)
    i.LCD_init                               0x00000184   Section        0  lcd.o(i.LCD_init)
    i.Timer_IRQ                              0x00000190   Section        0  main.o(i.Timer_IRQ)
    i.UARTRX_IRQ                             0x00000194   Section        0  main.o(i.UARTRX_IRQ)
    i.UART_Init                              0x00000200   Section        0  uart.o(i.UART_Init)
    i.UART_getc                              0x00000218   Section        0  uart.o(i.UART_getc)
    i.__scatterload_copy                     0x00000230   Section       14  handlers.o(i.__scatterload_copy)
    i.__scatterload_null                     0x0000023e   Section        2  handlers.o(i.__scatterload_null)
    i.__scatterload_zeroinit                 0x00000240   Section       14  handlers.o(i.__scatterload_zeroinit)
    i.main                                   0x00000250   Section        0  main.o(i.main)
    .constdata                               0x00000318   Section     3424  main.o(.constdata)
    black                                    0x00000318   Data         800  main.o(.constdata)
    box                                      0x00000638   Data         800  main.o(.constdata)
    wall                                     0x00000958   Data         800  main.o(.constdata)
    tank01                                   0x00000c78   Data         512  main.o(.constdata)
    tank02                                   0x00000e78   Data         512  main.o(.constdata)
    .data                                    0x20000000   Section       20  main.o(.data)
    ObjectMemSize                            0x20000000   Data           1  main.o(.data)
    MemTabCursor                             0x20000004   Data           4  main.o(.data)
    .data                                    0x20000014   Section        8  game.o(.data)
    ObjectMemSize                            0x20000014   Data           1  game.o(.data)
    MemTabCursor                             0x20000018   Data           4  game.o(.data)
    .bss                                     0x2000001c   Section      180  game.o(.bss)
    MemTab                                   0x2000001c   Data         180  game.o(.bss)
    STACK                                    0x200000d0   Section     1024  startup_cmsdk_cm0.o(STACK)

    Global Symbols

    Symbol Name                              Value     Ov Type        Size  Object(Section)

    BuildAttributes$$THM_ISAv3M$S$PE$A:L22$X:L11$S22$IEEE1$IW$USESV6$~STKCKD$USESV7$~SHL$OSPACE$EBA8$MICROLIB$REQ8$PRES8$EABIv2 0x00000000   Number         0  anon$$obj.o ABSOLUTE
    __ARM_use_no_argv                        0x00000000   Number         0  main.o ABSOLUTE
    __Vectors                                0x00000000   Data           4  startup_cmsdk_cm0.o(RESET)
    __cpp_initialize__aeabi_                  - Undefined Weak Reference
    __cxa_finalize                            - Undefined Weak Reference
    __decompress                              - Undefined Weak Reference
    _clock_init                               - Undefined Weak Reference
    _microlib_exit                            - Undefined Weak Reference
    __main                                   0x0000004d   Thumb Code     0  entry.o(.ARM.Collect$$$$00000000)
    _main_stk                                0x0000004d   Thumb Code     0  entry2.o(.ARM.Collect$$$$00000001)
    _main_scatterload                        0x00000051   Thumb Code     0  entry5.o(.ARM.Collect$$$$00000004)
    __main_after_scatterload                 0x00000055   Thumb Code     0  entry5.o(.ARM.Collect$$$$00000004)
    _main_clock                              0x00000055   Thumb Code     0  entry7b.o(.ARM.Collect$$$$00000008)
    _main_cpp_init                           0x00000055   Thumb Code     0  entry8b.o(.ARM.Collect$$$$0000000A)
    _main_init                               0x00000055   Thumb Code     0  entry9a.o(.ARM.Collect$$$$0000000B)
    __rt_final_cpp                           0x0000005d   Thumb Code     0  entry10a.o(.ARM.Collect$$$$0000000D)
    __rt_final_exit                          0x0000005d   Thumb Code     0  entry11a.o(.ARM.Collect$$$$0000000F)
    Reset_Handler                            0x00000061   Thumb Code     8  startup_cmsdk_cm0.o(.text)
    KEY_Handler                              0x00000069   Thumb Code     8  startup_cmsdk_cm0.o(.text)
    Timer_Handler                            0x00000071   Thumb Code     8  startup_cmsdk_cm0.o(.text)
    UARTRX_Handler                           0x00000079   Thumb Code     8  startup_cmsdk_cm0.o(.text)
    __scatterload                            0x00000085   Thumb Code    28  init.o(.text)
    __scatterload_rt2                        0x00000085   Thumb Code     0  init.o(.text)
    Delay                                    0x000000a9   Thumb Code    18  code_def.o(i.Delay)
    Draw_pic                                 0x000000bb   Thumb Code    40  lcd.o(i.Draw_pic)
    GameInit                                 0x000000e5   Thumb Code    30  game.o(i.GameInit)
    KEY                                      0x00000111   Thumb Code    90  main.o(i.KEY)
    LCD_init                                 0x00000185   Thumb Code    12  lcd.o(i.LCD_init)
    Timer_IRQ                                0x00000191   Thumb Code     2  main.o(i.Timer_IRQ)
    UARTRX_IRQ                               0x00000195   Thumb Code    84  main.o(i.UARTRX_IRQ)
    UART_Init                                0x00000201   Thumb Code    20  uart.o(i.UART_Init)
    UART_getc                                0x00000219   Thumb Code    20  uart.o(i.UART_getc)
    __scatterload_copy                       0x00000231   Thumb Code    14  handlers.o(i.__scatterload_copy)
    __scatterload_null                       0x0000023f   Thumb Code     2  handlers.o(i.__scatterload_null)
    __scatterload_zeroinit                   0x00000241   Thumb Code    14  handlers.o(i.__scatterload_zeroinit)
    main                                     0x00000251   Thumb Code   166  main.o(i.main)
    Region$$Table$$Base                      0x00001078   Number         0  anon$$obj.o(Region$$Table)
    Region$$Table$$Limit                     0x00001098   Number         0  anon$$obj.o(Region$$Table)
    uart_flag                                0x20000008   Data           4  main.o(.data)
    y                                        0x2000000c   Data           2  main.o(.data)
    ny                                       0x2000000e   Data           2  main.o(.data)
    x                                        0x20000010   Data           2  main.o(.data)
    nx                                       0x20000012   Data           2  main.o(.data)
    __initial_sp                             0x200004d0   Data           0  startup_cmsdk_cm0.o(STACK)



==============================================================================

Memory Map of the image

  Image entry point : Not specified.

  Load Region LR_IROM1 (Base: 0x00000000, Size: 0x000010b4, Max: 0x04000000, ABSOLUTE)

    Execution Region ER_IROM1 (Base: 0x00000000, Size: 0x00001098, Max: 0x04000000, ABSOLUTE)

    Base Addr    Size         Type   Attr      Idx    E Section Name        Object

    0x00000000   0x0000004c   Data   RO          227    RESET               startup_cmsdk_cm0.o
    0x0000004c   0x00000000   Code   RO          233  * .ARM.Collect$$$$00000000  mc_p.l(entry.o)
    0x0000004c   0x00000004   Code   RO          238    .ARM.Collect$$$$00000001  mc_p.l(entry2.o)
    0x00000050   0x00000004   Code   RO          241    .ARM.Collect$$$$00000004  mc_p.l(entry5.o)
    0x00000054   0x00000000   Code   RO          243    .ARM.Collect$$$$00000008  mc_p.l(entry7b.o)
    0x00000054   0x00000000   Code   RO          245    .ARM.Collect$$$$0000000A  mc_p.l(entry8b.o)
    0x00000054   0x00000008   Code   RO          246    .ARM.Collect$$$$0000000B  mc_p.l(entry9a.o)
    0x0000005c   0x00000000   Code   RO          248    .ARM.Collect$$$$0000000D  mc_p.l(entry10a.o)
    0x0000005c   0x00000000   Code   RO          250    .ARM.Collect$$$$0000000F  mc_p.l(entry11a.o)
    0x0000005c   0x00000004   Code   RO          239    .ARM.Collect$$$$00002712  mc_p.l(entry2.o)
    0x00000060   0x00000024   Code   RO          228  * .text               startup_cmsdk_cm0.o
    0x00000084   0x00000024   Code   RO          252    .text               mc_p.l(init.o)
    0x000000a8   0x00000012   Code   RO          153    i.Delay             code_def.o
    0x000000ba   0x00000028   Code   RO          168    i.Draw_pic          lcd.o
    0x000000e2   0x00000002   PAD
    0x000000e4   0x0000002c   Code   RO           84    i.GameInit          game.o
    0x00000110   0x00000074   Code   RO            1    i.KEY               main.o
    0x00000184   0x0000000c   Code   RO          169    i.LCD_init          lcd.o
    0x00000190   0x00000002   Code   RO            2    i.Timer_IRQ         main.o
    0x00000192   0x00000002   PAD
    0x00000194   0x0000006c   Code   RO            3    i.UARTRX_IRQ        main.o
    0x00000200   0x00000018   Code   RO          198    i.UART_Init         uart.o
    0x00000218   0x00000018   Code   RO          199    i.UART_getc         uart.o
    0x00000230   0x0000000e   Code   RO          256    i.__scatterload_copy  mc_p.l(handlers.o)
    0x0000023e   0x00000002   Code   RO          257    i.__scatterload_null  mc_p.l(handlers.o)
    0x00000240   0x0000000e   Code   RO          258    i.__scatterload_zeroinit  mc_p.l(handlers.o)
    0x0000024e   0x00000002   PAD
    0x00000250   0x000000c8   Code   RO            4    i.main              main.o
    0x00000318   0x00000d60   Data   RO            6    .constdata          main.o
    0x00001078   0x00000020   Data   RO          254    Region$$Table       anon$$obj.o


    Execution Region RW_IRAM1 (Base: 0x20000000, Size: 0x000004d0, Max: 0x00010000, ABSOLUTE)

    Base Addr    Size         Type   Attr      Idx    E Section Name        Object

    0x20000000   0x00000014   Data   RW            7    .data               main.o
    0x20000014   0x00000008   Data   RW           88    .data               game.o
    0x2000001c   0x000000b4   Zero   RW           87    .bss                game.o
    0x200000d0   0x00000400   Zero   RW          225    STACK               startup_cmsdk_cm0.o


==============================================================================

Image component sizes


      Code (inc. data)   RO Data    RW Data    ZI Data      Debug   Object Name

        18          0          0          0          0        464   code_def.o
        44         14          0          8        180       1195   game.o
        52          0          0          0          0       1318   lcd.o
       426         84       3424         20          0       8280   main.o
        36          4         76          0       1024        516   startup_cmsdk_cm0.o
        48          8          0          0          0        852   uart.o

    ----------------------------------------------------------------------
       628        110       3532         28       1204      12625   Object Totals
         0          0         32          0          0          0   (incl. Generated)
         4          0          0          0          0          0   (incl. Padding)

    ----------------------------------------------------------------------

      Code (inc. data)   RO Data    RW Data    ZI Data      Debug   Library Member Name

         0          0          0          0          0          0   entry.o
         0          0          0          0          0          0   entry10a.o
         0          0          0          0          0          0   entry11a.o
         8          4          0          0          0          0   entry2.o
         4          0          0          0          0          0   entry5.o
         0          0          0          0          0          0   entry7b.o
         0          0          0          0          0          0   entry8b.o
         8          4          0          0          0          0   entry9a.o
        30          0          0          0          0          0   handlers.o
        36          8          0          0          0         68   init.o

    ----------------------------------------------------------------------
        88         16          0          0          0         68   Library Totals
         2          0          0          0          0          0   (incl. Padding)

    ----------------------------------------------------------------------

      Code (inc. data)   RO Data    RW Data    ZI Data      Debug   Library Name

        86         16          0          0          0         68   mc_p.l

    ----------------------------------------------------------------------
        88         16          0          0          0         68   Library Totals

    ----------------------------------------------------------------------

==============================================================================


      Code (inc. data)   RO Data    RW Data    ZI Data      Debug   

       716        126       3532         28       1204      12581   Grand Totals
       716        126       3532         28       1204      12581   ELF Image Totals
       716        126       3532         28          0          0   ROM Totals

==============================================================================

    Total RO  Size (Code + RO Data)                 4248 (   4.15kB)
    Total RW  Size (RW Data + ZI Data)              1232 (   1.20kB)
    Total ROM Size (Code + RO Data + RW Data)       4276 (   4.18kB)

==============================================================================

